[Error] Compiler: Found syntax declaration in proof module. Only tokens for existing sorts are allowed.
	Source(syntax-spec.k)
	Location(6,18,6,28)
	6 |	    syntax X ::= "errorHere"
	  .	                 ^~~~~~~~~~~
[Error] Compiler: Found syntax declaration in proof module. Only tokens for existing sorts are allowed.
	Source(syntax-spec.k)
	Location(7,5,7,12)
	7 |	    syntax Y
	  .	    ^~~~~~~~
[Error] Compiler: Had 2 structural errors.
