[Error] Compiler: Could not find sorts: [MisTypedCell]
	Source(checkCellSortDeclFail.k)
	Location(12,16,12,27)
	12 |	syntax Pgm ::= MisTypedCell
	   .	               ^~~~~~~~~~~~
[Error] Compiler: Had 1 parsing errors.
