[Error] Compiler: Circular lists are not allowed.
	Source(checkListDecl2.k)
	Location(12,16,12,27)
	12 |	syntax Int ::= List{Int,""}
	   .	               ^~~~~~~~~~~~
