[Error] Compiler: Could not find sorts: [Float]
	Source(noImportFloat.k)
	Location(3,19,3,28)
	3 |	   syntax Pgm ::= foo(Float) | bar()
	  .	                  ^~~~~~~~~~
